\BOOKMARK [0][-]{chapter.1}{\376\377\000I\000n\000t\000r\000o\000d\000u\000c\000c\000i\000\363\000n}{}% 1
\BOOKMARK [1][-]{section.1.1}{\376\377\000M\000o\000t\000i\000v\000a\000c\000i\000\363\000n\000\040\000d\000e\000l\000\040\000p\000r\000o\000b\000l\000e\000m\000a}{chapter.1}% 2
\BOOKMARK [1][-]{section.1.2}{Objetivos}{chapter.1}% 3
\BOOKMARK [2][-]{subsection.1.2.1}{Objetivo\040general}{section.1.2}% 4
\BOOKMARK [2][-]{subsection.1.2.2}{\376\377\000O\000b\000j\000e\000t\000i\000v\000o\000s\000\040\000e\000s\000p\000e\000c\000\355\000f\000i\000c\000o\000s}{section.1.2}% 5
\BOOKMARK [1][-]{section.1.3}{Alcance\040y\040limitaciones}{chapter.1}% 6
\BOOKMARK [1][-]{section.1.4}{\376\377\000M\000e\000t\000o\000d\000o\000l\000o\000g\000\355\000a\000\040\000d\000e\000\040\000d\000e\000s\000a\000r\000r\000o\000l\000l\000o}{chapter.1}% 7
\BOOKMARK [1][-]{section.1.5}{Estructura\040de\040la\040memoria}{chapter.1}% 8
\BOOKMARK [0][-]{chapter.2}{\376\377\000E\000s\000t\000a\000d\000o\000\040\000d\000e\000l\000\040\000a\000r\000t\000e\000\040\000y\000\040\000c\000o\000n\000t\000e\000x\000t\000o\000\040\000t\000e\000c\000n\000o\000l\000\363\000g\000i\000c\000o}{}% 9
\BOOKMARK [1][-]{section.2.1}{\376\377\000C\000a\000r\000a\000c\000t\000e\000r\000i\000z\000a\000c\000i\000\363\000n\000\040\000d\000e\000l\000\040\000o\000l\000e\000a\000j\000e\000\040\000m\000e\000d\000i\000a\000n\000t\000e\000\040\000p\000a\000r\000\341\000m\000e\000t\000r\000o\000s\000\040\000e\000s\000t\000a\000d\000\355\000s\000t\000i\000c\000o\000s}{chapter.2}% 10
\BOOKMARK [1][-]{section.2.2}{Android\040como\040plataforma\040de\040sensado\040de\040bajo\040coste}{chapter.2}% 11
\BOOKMARK [2][-]{subsection.2.2.1}{\376\377\000L\000\355\000m\000i\000t\000e\000s\000\040\000d\000e\000\040\000u\000n\000a\000\040\000s\000o\000l\000u\000c\000i\000\363\000n\000\040\000m\000\363\000v\000i\000l\000\040\000p\000u\000r\000a}{section.2.2}% 12
\BOOKMARK [1][-]{section.2.3}{\376\377\000N\000o\000d\000o\000s\000\040\000e\000m\000b\000e\000b\000i\000d\000o\000s\000\040\000p\000a\000r\000a\000\040\000a\000d\000q\000u\000i\000s\000i\000c\000i\000\363\000n\000\040\000d\000e\000d\000i\000c\000a\000d\000a}{chapter.2}% 13
\BOOKMARK [1][-]{section.2.4}{Marco\040comercial\040y\040soluciones\040profesionales\040de\040referencia}{chapter.2}% 14
\BOOKMARK [1][-]{section.2.5}{Posicionamiento\040del\040trabajo}{chapter.2}% 15
\BOOKMARK [0][-]{chapter.3}{\376\377\000A\000n\000\341\000l\000i\000s\000i\000s\000\040\000d\000e\000l\000\040\000p\000r\000o\000b\000l\000e\000m\000a\000,\000\040\000r\000e\000q\000u\000i\000s\000i\000t\000o\000s\000,\000\040\000p\000l\000a\000n\000i\000f\000i\000c\000a\000c\000i\000\363\000n\000\040\000y\000\040\000p\000r\000e\000s\000u\000p\000u\000e\000s\000t\000o}{}% 16
\BOOKMARK [1][-]{section.3.1}{\376\377\000A\000n\000\341\000l\000i\000s\000i\000s\000\040\000d\000e\000l\000\040\000p\000r\000o\000b\000l\000e\000m\000a}{chapter.3}% 17
\BOOKMARK [1][-]{section.3.2}{Requisitos\040del\040sistema}{chapter.3}% 18
\BOOKMARK [2][-]{subsection.3.2.1}{Requisitos\040funcionales}{section.3.2}% 19
\BOOKMARK [2][-]{subsection.3.2.2}{Requisitos\040no\040funcionales}{section.3.2}% 20
\BOOKMARK [2][-]{subsection.3.2.3}{\376\377\000R\000e\000s\000t\000r\000i\000c\000c\000i\000o\000n\000e\000s\000\040\000t\000\351\000c\000n\000i\000c\000a\000s}{section.3.2}% 21
\BOOKMARK [1][-]{section.3.3}{Casos\040de\040uso\040principales}{chapter.3}% 22
\BOOKMARK [1][-]{section.3.4}{\376\377\000M\000e\000t\000o\000d\000o\000l\000o\000g\000\355\000a\000\040\000y\000\040\000p\000l\000a\000n\000i\000f\000i\000c\000a\000c\000i\000\363\000n}{chapter.3}% 23
\BOOKMARK [2][-]{subsection.3.4.1}{Enfoque\040de\040trabajo}{section.3.4}% 24
\BOOKMARK [2][-]{subsection.3.4.2}{Fases\040del\040proyecto}{section.3.4}% 25
\BOOKMARK [1][-]{section.3.5}{\376\377\000R\000i\000e\000s\000g\000o\000s\000\040\000y\000\040\000e\000s\000t\000r\000a\000t\000e\000g\000i\000a\000\040\000d\000e\000\040\000v\000a\000l\000i\000d\000a\000c\000i\000\363\000n}{chapter.3}% 26
\BOOKMARK [1][-]{section.3.6}{Material\040y\040medios\040necesarios}{chapter.3}% 27
\BOOKMARK [1][-]{section.3.7}{Presupuesto\040orientativo}{chapter.3}% 28
\BOOKMARK [2][-]{subsection.3.7.1}{Recursos\040utilizados\040por\040el\040proyecto}{section.3.7}% 29
\BOOKMARK [2][-]{subsection.3.7.2}{Adquisiciones\040imputables\040al\040proyecto}{section.3.7}% 30
\BOOKMARK [0][-]{chapter.4}{\376\377\000D\000i\000s\000e\000\361\000o\000\040\000d\000e\000\040\000l\000a\000\040\000p\000l\000a\000t\000a\000f\000o\000r\000m\000a}{}% 31
\BOOKMARK [1][-]{section.4.1}{Entorno\040y\040herramientas\040de\040desarrollo}{chapter.4}% 32
\BOOKMARK [1][-]{section.4.2}{Vista\040general\040del\040sistema}{chapter.4}% 33
\BOOKMARK [1][-]{section.4.3}{\376\377\000D\000i\000s\000e\000\361\000o\000\040\000d\000e\000\040\000a\000d\000q\000u\000i\000s\000i\000c\000i\000\363\000n}{chapter.4}% 34
\BOOKMARK [2][-]{subsection.4.3.1}{\376\377\000S\000e\000s\000i\000\363\000n\000\040\000c\000o\000m\000o\000\040\000u\000n\000i\000d\000a\000d\000\040\000d\000e\000\040\000c\000a\000p\000t\000u\000r\000a}{section.4.3}% 35
\BOOKMARK [2][-]{subsection.4.3.2}{\376\377\000A\000d\000q\000u\000i\000s\000i\000c\000i\000\363\000n\000\040\000e\000n\000\040\000A\000n\000d\000r\000o\000i\000d}{section.4.3}% 36
\BOOKMARK [2][-]{subsection.4.3.3}{\376\377\000A\000d\000q\000u\000i\000s\000i\000c\000i\000\363\000n\000\040\000e\000n\000\040\000E\000S\000P\0003\0002}{section.4.3}% 37
\BOOKMARK [2][-]{subsection.4.3.4}{\376\377\000S\000e\000p\000a\000r\000a\000c\000i\000\363\000n\000\040\000e\000n\000t\000r\000e\000\040\000c\000a\000p\000t\000u\000r\000a\000\040\000y\000\040\000p\000r\000o\000c\000e\000s\000a\000d\000o}{section.4.3}% 38
\BOOKMARK [1][-]{section.4.4}{\376\377\000D\000i\000s\000e\000\361\000o\000\040\000d\000e\000\040\000c\000o\000m\000u\000n\000i\000c\000a\000c\000i\000\363\000n}{chapter.4}% 39
\BOOKMARK [2][-]{subsection.4.4.1}{Contrato\040de\040control}{section.4.4}% 40
\BOOKMARK [2][-]{subsection.4.4.2}{Enlace\040entre\040Android\040y\040ESP32}{section.4.4}% 41
\BOOKMARK [2][-]{subsection.4.4.3}{Flujo\040de\040datos\040del\040sistema}{section.4.4}% 42
\BOOKMARK [1][-]{section.4.5}{\376\377\000D\000i\000s\000e\000\361\000o\000\040\000d\000e\000\040\000p\000e\000r\000s\000i\000s\000t\000e\000n\000c\000i\000a\000\040\000y\000\040\000b\000a\000c\000k\000e\000n\000d}{chapter.4}% 43
\BOOKMARK [1][-]{section.4.6}{\376\377\000D\000i\000s\000e\000\361\000o\000\040\000d\000e\000\040\000i\000n\000t\000e\000r\000f\000a\000z\000\040\000y\000\040\000c\000o\000n\000t\000r\000o\000l}{chapter.4}% 44
\BOOKMARK [0][-]{chapter.5}{\376\377\000I\000m\000p\000l\000e\000m\000e\000n\000t\000a\000c\000i\000\363\000n\000\040\000d\000e\000l\000\040\000s\000i\000s\000t\000e\000m\000a}{}% 45
\BOOKMARK [1][-]{section.5.1}{\376\377\000C\000r\000i\000t\000e\000r\000i\000o\000\040\000d\000e\000\040\000i\000m\000p\000l\000e\000m\000e\000n\000t\000a\000c\000i\000\363\000n\000\040\000i\000n\000c\000r\000e\000m\000e\000n\000t\000a\000l}{chapter.5}% 46
\BOOKMARK [1][-]{section.5.2}{\376\377\000E\000s\000t\000a\000d\000o\000\040\000d\000e\000\040\000p\000a\000r\000t\000i\000d\000a\000\040\000d\000e\000\040\000l\000a\000\040\000i\000m\000p\000l\000e\000m\000e\000n\000t\000a\000c\000i\000\363\000n}{chapter.5}% 47
\BOOKMARK [1][-]{section.5.3}{\376\377\000H\000e\000r\000r\000a\000m\000i\000e\000n\000t\000a\000s\000\040\000y\000\040\000o\000r\000g\000a\000n\000i\000z\000a\000c\000i\000\363\000n\000\040\000d\000e\000l\000\040\000c\000\363\000d\000i\000g\000o}{chapter.5}% 48
\BOOKMARK [1][-]{section.5.4}{\376\377\000F\000a\000s\000e\000\040\0001\000:\000\040\000s\000c\000r\000i\000p\000t\000s\000\040\000d\000e\000\040\000c\000a\000p\000t\000u\000r\000a\000\040\000y\000\040\000a\000n\000\341\000l\000i\000s\000i\000s}{chapter.5}% 49
\BOOKMARK [1][-]{section.5.5}{\376\377\000F\000a\000s\000e\000\040\0002\000:\000\040\000i\000m\000p\000l\000e\000m\000e\000n\000t\000a\000c\000i\000\363\000n\000\040\000d\000e\000l\000\040\000m\000o\000d\000o\000\040\000m\000\363\000v\000i\000l\000\040\000e\000n\000\040\000A\000n\000d\000r\000o\000i\000d}{chapter.5}% 50
\BOOKMARK [2][-]{subsection.5.5.1}{\376\377\000E\000s\000t\000r\000u\000c\000t\000u\000r\000a\000\040\000g\000e\000n\000e\000r\000a\000l\000\040\000d\000e\000\040\000l\000a\000\040\000a\000p\000l\000i\000c\000a\000c\000i\000\363\000n}{section.5.5}% 51
\BOOKMARK [2][-]{subsection.5.5.2}{Captura\040de\040sensores}{section.5.5}% 52
\BOOKMARK [2][-]{subsection.5.5.3}{Persistencia\040local\040de\040sesiones}{section.5.5}% 53
\BOOKMARK [2][-]{subsection.5.5.4}{\376\377\000G\000e\000s\000t\000i\000\363\000n\000\040\000l\000o\000c\000a\000l\000\040\000y\000\040\000o\000p\000e\000r\000a\000c\000i\000o\000n\000e\000s\000\040\000d\000e\000\040\000d\000e\000p\000u\000r\000a\000c\000i\000\363\000n}{section.5.5}% 54
\BOOKMARK [2][-]{subsection.5.5.5}{Prototipo\040de\040interfaz\040auxiliar}{section.5.5}% 55
\BOOKMARK [1][-]{section.5.6}{Fase\0403:\040procesado\040on-device}{chapter.5}% 56
\BOOKMARK [1][-]{section.5.7}{Fase\0404:\040pruebas\040iniciales\040con\040ESP32\040e\040IMU}{chapter.5}% 57
\BOOKMARK [1][-]{section.5.8}{Fase\0405:\040firmware\040en\040C/C++\040para\040ESP32}{chapter.5}% 58
\BOOKMARK [1][-]{section.5.9}{\376\377\000F\000a\000s\000e\000\040\0006\000:\000\040\000f\000o\000r\000m\000a\000t\000o\000\040\000c\000o\000m\000\372\000n\000\040\000d\000e\000\040\000s\000e\000s\000i\000\363\000n\000\040\000y\000\040\000r\000e\000s\000u\000l\000t\000a\000d\000o\000s}{chapter.5}% 59
\BOOKMARK [1][-]{section.5.10}{Fase\0407:\040backend\040remoto}{chapter.5}% 60
\BOOKMARK [1][-]{section.5.11}{\376\377\000C\000r\000i\000t\000e\000r\000i\000o\000s\000\040\000d\000e\000\040\000c\000i\000e\000r\000r\000e\000\040\000d\000e\000\040\000i\000m\000p\000l\000e\000m\000e\000n\000t\000a\000c\000i\000\363\000n}{chapter.5}% 61
\BOOKMARK [0][-]{chapter.6}{\376\377\000V\000a\000l\000i\000d\000a\000c\000i\000\363\000n\000\040\000y\000\040\000e\000v\000a\000l\000u\000a\000c\000i\000\363\000n}{}% 62
\BOOKMARK [1][-]{section.6.1}{\376\377\000M\000e\000t\000o\000d\000o\000l\000o\000g\000\355\000a\000\040\000d\000e\000\040\000v\000a\000l\000i\000d\000a\000c\000i\000\363\000n}{chapter.6}% 63
\BOOKMARK [1][-]{section.6.2}{Escenarios\040de\040prueba}{chapter.6}% 64
\BOOKMARK [1][-]{section.6.3}{\376\377\000C\000o\000n\000f\000i\000g\000u\000r\000a\000c\000i\000\363\000n\000\040\000d\000e\000\040\000p\000r\000u\000e\000b\000a\000s}{chapter.6}% 65
\BOOKMARK [1][-]{section.6.4}{\376\377\000M\000\351\000t\000r\000i\000c\000a\000s\000\040\000d\000e\000\040\000e\000v\000a\000l\000u\000a\000c\000i\000\363\000n}{chapter.6}% 66
\BOOKMARK [1][-]{section.6.5}{\376\377\000P\000l\000a\000n\000t\000i\000l\000l\000a\000\040\000d\000e\000\040\000c\000o\000m\000p\000a\000r\000a\000t\000i\000v\000a\000\040\000m\000\363\000v\000i\000l\000\040\000v\000s\000\040\000e\000m\000b\000e\000b\000i\000d\000o}{chapter.6}% 67
\BOOKMARK [1][-]{section.6.6}{\376\377\000C\000r\000i\000t\000e\000r\000i\000o\000s\000\040\000d\000e\000\040\000a\000c\000e\000p\000t\000a\000c\000i\000\363\000n}{chapter.6}% 68
\BOOKMARK [1][-]{section.6.7}{Resultados}{chapter.6}% 69
\BOOKMARK [2][-]{subsection.6.7.1}{\376\377\000R\000e\000s\000u\000l\000t\000a\000d\000o\000s\000\040\000d\000e\000l\000\040\000m\000o\000d\000o\000\040\000m\000\363\000v\000i\000l}{section.6.7}% 70
\BOOKMARK [2][-]{subsection.6.7.2}{Resultados\040del\040modo\040embebido}{section.6.7}% 71
\BOOKMARK [2][-]{subsection.6.7.3}{\376\377\000E\000v\000a\000l\000u\000a\000c\000i\000\363\000n\000\040\000d\000e\000l\000\040\000s\000u\000b\000s\000i\000s\000t\000e\000m\000a\000\040\000d\000e\000\040\000c\000o\000m\000u\000n\000i\000c\000a\000c\000i\000\363\000n}{section.6.7}% 72
\BOOKMARK [2][-]{subsection.6.7.4}{\376\377\000R\000e\000s\000u\000l\000t\000a\000d\000o\000s\000\040\000d\000e\000\040\000i\000n\000t\000e\000g\000r\000a\000c\000i\000\363\000n\000\040\000p\000o\000r\000\040\000c\000o\000n\000t\000r\000a\000t\000o\000s}{section.6.7}% 73
\BOOKMARK [2][-]{subsection.6.7.5}{\376\377\000C\000o\000m\000p\000a\000r\000a\000c\000i\000\363\000n\000\040\000d\000e\000\040\000o\000p\000e\000r\000a\000c\000i\000\363\000n\000\040\000e\000n\000t\000r\000e\000\040\000m\000o\000d\000o\000s}{section.6.7}% 74
\BOOKMARK [1][-]{section.6.8}{\376\377\000D\000i\000s\000c\000u\000s\000i\000\363\000n}{chapter.6}% 75
\BOOKMARK [2][-]{subsection.6.8.1}{Limitaciones\040del\040trabajo}{section.6.8}% 76
\BOOKMARK [2][-]{subsection.6.8.2}{Lecciones\040aprendidas}{section.6.8}% 77
\BOOKMARK [0][-]{chapter.7}{Conclusiones}{}% 78
\BOOKMARK [1][-]{section.7.1}{Conclusiones\040principales}{chapter.7}% 79
\BOOKMARK [1][-]{section.7.2}{\376\377\000C\000o\000n\000c\000l\000u\000s\000i\000\363\000n\000\040\000m\000e\000t\000o\000d\000o\000l\000\363\000g\000i\000c\000a}{chapter.7}% 80
\BOOKMARK [1][-]{section.7.3}{\376\377\000I\000m\000p\000l\000i\000c\000a\000c\000i\000o\000n\000e\000s\000\040\000p\000r\000\341\000c\000t\000i\000c\000a\000s}{chapter.7}% 81
\BOOKMARK [1][-]{section.7.4}{Aportaciones}{chapter.7}% 82
\BOOKMARK [1][-]{section.7.5}{Trabajo\040futuro}{chapter.7}% 83
\BOOKMARK [2][-]{subsection.7.5.1}{\376\377\000L\000\355\000n\000e\000a\000\040\000p\000r\000i\000o\000r\000i\000t\000a\000r\000i\000a\000\040\000i\000n\000m\000e\000d\000i\000a\000t\000a}{section.7.5}% 84
\BOOKMARK [0][-]{appendix.A}{Material\040adicional}{}% 85
\BOOKMARK [1][-]{section.A.1}{Scripts\040principales}{appendix.A}% 86
\BOOKMARK [1][-]{section.A.2}{Comandos\040de\040referencia}{appendix.A}% 87
\BOOKMARK [2][-]{subsection.A.2.1}{Captura}{section.A.2}% 88
\BOOKMARK [2][-]{subsection.A.2.2}{\376\377\000P\000r\000o\000c\000e\000s\000a\000d\000o\000\040\000r\000\341\000p\000i\000d\000o\000\040\000s\000i\000n\000\040\000g\000r\000\341\000f\000i\000c\000a}{section.A.2}% 89
\BOOKMARK [2][-]{subsection.A.2.3}{\376\377\000P\000r\000o\000c\000e\000s\000a\000d\000o\000\040\000p\000a\000s\000o\000\040\000a\000\040\000p\000a\000s\000o\000\040\000c\000o\000n\000\040\000v\000a\000l\000i\000d\000a\000c\000i\000\363\000n\000\040\000t\000e\000m\000p\000o\000r\000a\000l}{section.A.2}% 90
\BOOKMARK [1][-]{section.A.3}{Datos\040de\040prueba}{appendix.A}% 91
\BOOKMARK [0][-]{appendix*.33}{\376\377\000B\000i\000b\000l\000i\000o\000g\000r\000a\000f\000\355\000a}{}% 92
